{
  "version": "1.2.0",
  "plugins_used": [
    {
      "name": "ArtifactoryDetector"
    },
    {
      "name": "AWSKeyDetector"
    },
    {
      "name": "AzureStorageKeyDetector"
    },
    {
      "name": "Base64HighEntropyString",
      "limit": 4.5
    },
    {
      "name": "BasicAuthDetector"
    },
    {
      "name": "CloudantDetector"
    },
    {
      "name": "GitHubTokenDetector"
    },
    {
      "name": "HexHighEntropyString",
      "limit": 3
    },
    {
      "name": "IbmCloudIamDetector"
    },
    {
      "name": "IbmCosHmacDetector"
    },
    {
      "name": "JwtTokenDetector"
    },
    {
      "name": "KeywordDetector",
      "keyword_exclude": ""
    },
    {
      "name": "MailchimpDetector"
    },
    {
      "name": "NpmDetector"
    },
    {
      "name": "PrivateKeyDetector"
    },
    {
      "name": "SendGridDetector"
    },
    {
      "name": "SlackDetector"
    },
    {
      "name": "SoftlayerDetector"
    },
    {
      "name": "SquareOAuthDetector"
    },
    {
      "name": "StripeDetector"
    },
    {
      "name": "TwilioKeyDetector"
    }
  ],
  "filters_used": [
    {
      "path": "detect_secrets.filters.allowlist.is_line_allowlisted"
    },
    {
      "path": "detect_secrets.filters.common.is_baseline_file",
      "filename": ".secrets.baseline"
    },
    {
      "path": "detect_secrets.filters.common.is_ignored_due_to_verification_policies",
      "min_level": 2
    },
    {
      "path": "detect_secrets.filters.heuristic.is_indirect_reference"
    },
    {
      "path": "detect_secrets.filters.heuristic.is_likely_id_string"
    },
    {
      "path": "detect_secrets.filters.heuristic.is_lock_file"
    },
    {
      "path": "detect_secrets.filters.heuristic.is_not_alphanumeric_string"
    },
    {
      "path": "detect_secrets.filters.heuristic.is_potential_uuid"
    },
    {
      "path": "detect_secrets.filters.heuristic.is_prefixed_with_dollar_sign"
    },
    {
      "path": "detect_secrets.filters.heuristic.is_sequential_string"
    },
    {
      "path": "detect_secrets.filters.heuristic.is_swagger_file"
    },
    {
      "path": "detect_secrets.filters.heuristic.is_templated_secret"
    }
  ],
  "results": {
    ".cruft.json": [
      {
        "type": "Hex High Entropy String",
        "filename": ".cruft.json",
        "hashed_secret": "1d2deba3b5e5a1eb60fd2f977ca4e56d1a1465e9",
        "is_verified": false,
        "line_number": 3,
        "is_secret": false
      }
    ],
    "gdc-dnaseq-aln-cwl/dockers.json": [
      {
        "type": "Hex High Entropy String",
        "filename": "gdc-dnaseq-aln-cwl/dockers.json",
        "hashed_secret": "2416fefd0c93bc214e888dfc8a288f0635e4d8e8",
        "is_verified": false,
        "line_number": 3,
        "is_secret": false
      },
      {
        "type": "Hex High Entropy String",
        "filename": "gdc-dnaseq-aln-cwl/dockers.json",
        "hashed_secret": "1c7d94661f7b215d70638e4d700634218c40ad8e",
        "is_verified": false,
        "line_number": 6,
        "is_secret": false
      },
      {
        "type": "Hex High Entropy String",
        "filename": "gdc-dnaseq-aln-cwl/dockers.json",
        "hashed_secret": "2f14c08e97808c63b5986a9fb86ce6d13edccfa1",
        "is_verified": false,
        "line_number": 7,
        "is_secret": false
      },
      {
        "type": "Hex High Entropy String",
        "filename": "gdc-dnaseq-aln-cwl/dockers.json",
        "hashed_secret": "6afb3835f0666e4e5079a0e0aab6555f1d6d5e94",
        "is_verified": false,
        "line_number": 8,
        "is_secret": false
      },
      {
        "type": "Hex High Entropy String",
        "filename": "gdc-dnaseq-aln-cwl/dockers.json",
        "hashed_secret": "9ba9785e9d5ad470fab3a3fac4b201f18ac35876",
        "is_verified": false,
        "line_number": 9,
        "is_secret": false
      },
      {
        "type": "Hex High Entropy String",
        "filename": "gdc-dnaseq-aln-cwl/dockers.json",
        "hashed_secret": "f4ead6e323ad7fd3419a29473fd1dec397388022",
        "is_verified": false,
        "line_number": 10,
        "is_secret": false
      },
      {
        "type": "Hex High Entropy String",
        "filename": "gdc-dnaseq-aln-cwl/dockers.json",
        "hashed_secret": "b287314600ba074479581bb919a8fb221af9d367",
        "is_verified": false,
        "line_number": 11,
        "is_secret": false
      },
      {
        "type": "Hex High Entropy String",
        "filename": "gdc-dnaseq-aln-cwl/dockers.json",
        "hashed_secret": "30a720c4c6f44684244443cbf019aacf4c45060e",
        "is_verified": false,
        "line_number": 13,
        "is_secret": false
      },
      {
        "type": "Hex High Entropy String",
        "filename": "gdc-dnaseq-aln-cwl/dockers.json",
        "hashed_secret": "7a675a58377346fe4a9f4e3a3dd404ce2437dab2",
        "is_verified": false,
        "line_number": 14,
        "is_secret": false
      },
      {
        "type": "Hex High Entropy String",
        "filename": "gdc-dnaseq-aln-cwl/dockers.json",
        "hashed_secret": "5ab41bcfbe0bda5dd064758836983708791cf055",
        "is_verified": false,
        "line_number": 17,
        "is_secret": false
      },
      {
        "type": "Hex High Entropy String",
        "filename": "gdc-dnaseq-aln-cwl/dockers.json",
        "hashed_secret": "3d055e679fe09c30807ac3a0b686cfc43674d73b",
        "is_verified": false,
        "line_number": 18,
        "is_secret": false
      },
      {
        "type": "Hex High Entropy String",
        "filename": "gdc-dnaseq-aln-cwl/dockers.json",
        "hashed_secret": "22b5cf6dab89595dbc5c5e45ca65362130b9f012",
        "is_verified": false,
        "line_number": 19,
        "is_secret": false
      }
    ],
    "gdc-dnaseq-prealn-cwl/dockers.json": [
      {
        "type": "Hex High Entropy String",
        "filename": "gdc-dnaseq-prealn-cwl/dockers.json",
        "hashed_secret": "2416fefd0c93bc214e888dfc8a288f0635e4d8e8",
        "is_verified": false,
        "line_number": 3,
        "is_secret": false
      },
      {
        "type": "Hex High Entropy String",
        "filename": "gdc-dnaseq-prealn-cwl/dockers.json",
        "hashed_secret": "7a675a58377346fe4a9f4e3a3dd404ce2437dab2",
        "is_verified": false,
        "line_number": 7,
        "is_secret": false
      },
      {
        "type": "Hex High Entropy String",
        "filename": "gdc-dnaseq-prealn-cwl/dockers.json",
        "hashed_secret": "5ab41bcfbe0bda5dd064758836983708791cf055",
        "is_verified": false,
        "line_number": 10,
        "is_secret": false
      },
      {
        "type": "Hex High Entropy String",
        "filename": "gdc-dnaseq-prealn-cwl/dockers.json",
        "hashed_secret": "3d055e679fe09c30807ac3a0b686cfc43674d73b",
        "is_verified": false,
        "line_number": 11,
        "is_secret": false
      },
      {
        "type": "Hex High Entropy String",
        "filename": "gdc-dnaseq-prealn-cwl/dockers.json",
        "hashed_secret": "22b5cf6dab89595dbc5c5e45ca65362130b9f012",
        "is_verified": false,
        "line_number": 12,
        "is_secret": false
      }
    ],
    "subworkflows/main/dockers.json": [
      {
        "type": "Hex High Entropy String",
        "filename": "subworkflows/main/dockers.json",
        "hashed_secret": "2416fefd0c93bc214e888dfc8a288f0635e4d8e8",
        "is_verified": false,
        "line_number": 2,
        "is_secret": false
      },
      {
        "type": "Hex High Entropy String",
        "filename": "subworkflows/main/dockers.json",
        "hashed_secret": "1c7d94661f7b215d70638e4d700634218c40ad8e",
        "is_verified": false,
        "line_number": 3,
        "is_secret": false
      },
      {
        "type": "Hex High Entropy String",
        "filename": "subworkflows/main/dockers.json",
        "hashed_secret": "2f14c08e97808c63b5986a9fb86ce6d13edccfa1",
        "is_verified": false,
        "line_number": 4,
        "is_secret": false
      },
      {
        "type": "Hex High Entropy String",
        "filename": "subworkflows/main/dockers.json",
        "hashed_secret": "6afb3835f0666e4e5079a0e0aab6555f1d6d5e94",
        "is_verified": false,
        "line_number": 6,
        "is_secret": false
      },
      {
        "type": "Hex High Entropy String",
        "filename": "subworkflows/main/dockers.json",
        "hashed_secret": "9ba9785e9d5ad470fab3a3fac4b201f18ac35876",
        "is_verified": false,
        "line_number": 7,
        "is_secret": false
      },
      {
        "type": "Hex High Entropy String",
        "filename": "subworkflows/main/dockers.json",
        "hashed_secret": "f4ead6e323ad7fd3419a29473fd1dec397388022",
        "is_verified": false,
        "line_number": 8,
        "is_secret": false
      },
      {
        "type": "Hex High Entropy String",
        "filename": "subworkflows/main/dockers.json",
        "hashed_secret": "b287314600ba074479581bb919a8fb221af9d367",
        "is_verified": false,
        "line_number": 9,
        "is_secret": false
      },
      {
        "type": "Hex High Entropy String",
        "filename": "subworkflows/main/dockers.json",
        "hashed_secret": "30a720c4c6f44684244443cbf019aacf4c45060e",
        "is_verified": false,
        "line_number": 11,
        "is_secret": false
      },
      {
        "type": "Hex High Entropy String",
        "filename": "subworkflows/main/dockers.json",
        "hashed_secret": "7a675a58377346fe4a9f4e3a3dd404ce2437dab2",
        "is_verified": false,
        "line_number": 12,
        "is_secret": false
      },
      {
        "type": "Hex High Entropy String",
        "filename": "subworkflows/main/dockers.json",
        "hashed_secret": "5ab41bcfbe0bda5dd064758836983708791cf055",
        "is_verified": false,
        "line_number": 15,
        "is_secret": false
      },
      {
        "type": "Hex High Entropy String",
        "filename": "subworkflows/main/dockers.json",
        "hashed_secret": "3d055e679fe09c30807ac3a0b686cfc43674d73b",
        "is_verified": false,
        "line_number": 16,
        "is_secret": false
      },
      {
        "type": "Hex High Entropy String",
        "filename": "subworkflows/main/dockers.json",
        "hashed_secret": "22b5cf6dab89595dbc5c5e45ca65362130b9f012",
        "is_verified": false,
        "line_number": 17,
        "is_secret": false
      }
    ]
  },
  "generated_at": "2023-07-17T14:08:39Z"
}
