{
  "exclude": {
    "files": null,
    "lines": null
  },
  "generated_at": "2020-07-23T15:19:16Z",
  "plugins_used": [
    {
      "name": "AWSKeyDetector"
    },
    {
      "name": "ArtifactoryDetector"
    },
    {
      "base64_limit": 4.5,
      "name": "Base64HighEntropyString"
    },
    {
      "name": "BasicAuthDetector"
    },
    {
      "name": "CloudantDetector"
    },
    {
      "hex_limit": 3,
      "name": "HexHighEntropyString"
    },
    {
      "name": "IbmCloudIamDetector"
    },
    {
      "name": "IbmCosHmacDetector"
    },
    {
      "name": "JwtTokenDetector"
    },
    {
      "keyword_exclude": null,
      "name": "KeywordDetector"
    },
    {
      "name": "MailchimpDetector"
    },
    {
      "name": "PrivateKeyDetector"
    },
    {
      "name": "SlackDetector"
    },
    {
      "name": "SoftlayerDetector"
    },
    {
      "name": "StripeDetector"
    },
    {
      "name": "TwilioKeyDetector"
    }
  ],
  "results": {
    "workflows/bqsr/runner.json": [
      {
        "hashed_secret": "519fd92da4f577932c082dfa199a3ca461e4e9d7",
        "is_verified": false,
        "line_number": 29,
        "type": "Hex High Entropy String"
      }
    ],
    "workflows/coclean/runner.json": [
      {
        "hashed_secret": "951a2f0543cbc891329b236b27ad3cbae309a58a",
        "is_verified": false,
        "line_number": 32,
        "type": "Hex High Entropy String"
      }
    ],
    "workflows/dnaseq/ex_runner.json": [
      {
        "hashed_secret": "ef32727511d04b858e390f29f49d64eea1ad75a7",
        "is_verified": false,
        "line_number": 31,
        "type": "Hex High Entropy String"
      }
    ],
    "workflows/dnaseq/ex_runner_b.json": [
      {
        "hashed_secret": "ef32727511d04b858e390f29f49d64eea1ad75a7",
        "is_verified": false,
        "line_number": 31,
        "type": "Hex High Entropy String"
      }
    ],
    "workflows/dnaseq/queue_ccle.json": [
      {
        "hashed_secret": "1ae855067bfdb4bd316fdcb6f71976a5cdf4c2fb",
        "is_verified": false,
        "line_number": 8,
        "type": "Hex High Entropy String"
      },
      {
        "hashed_secret": "28f7a4f967b2fdb35124ada02f2e59098b025046",
        "is_verified": false,
        "line_number": 35,
        "type": "Hex High Entropy String"
      }
    ],
    "workflows/dnaseq/runner_ccle.json": [
      {
        "hashed_secret": "7ea7e9362fe4c690b637db86083d4959aec60eff",
        "is_verified": false,
        "line_number": 15,
        "type": "Hex High Entropy String"
      }
    ],
    "workflows/dnaseq/transform.cwl": [
      {
        "hashed_secret": "c243e4bdd2b9c5a364cc8469a44c7eed7f6eb527",
        "is_verified": false,
        "line_number": 621,
        "type": "Base64 High Entropy String"
      }
    ],
    "workflows/dnaseq/transform_mirna.cwl": [
      {
        "hashed_secret": "c243e4bdd2b9c5a364cc8469a44c7eed7f6eb527",
        "is_verified": false,
        "line_number": 679,
        "type": "Base64 High Entropy String"
      }
    ],
    "workflows/mirnaseq/transform_mirna.cwl": [
      {
        "hashed_secret": "c243e4bdd2b9c5a364cc8469a44c7eed7f6eb527",
        "is_verified": false,
        "line_number": 712,
        "type": "Base64 High Entropy String"
      }
    ]
  },
  "version": "0.13.1",
  "word_list": {
    "file": null,
    "hash": null
  }
}
